2025-12-16 18:12:26,391 - MainThread - vulcan.core.console - WARNING - This will permanently delete all engine-managed objects, state tables and Vulcan cache.
The operation may disrupt any currently running or scheduled plans.
 (console.py:2353)
2025-12-16 18:12:37,744 - MainThread - vulcan.core.state_sync.common - INFO - Processing batch of size 14 with end updated_ts=1765887598840 (janitor.py:163)
2025-12-16 18:12:37,750 - ThreadPoolExecutor-0_0 - vulcan.core.engine_adapter.base - INFO - Executing SQL: DROP TABLE IF EXISTS "vulcan__sales"."sales__daily_sales__2671854529__dev" CASCADE (base.py:2634)
2025-12-16 18:12:37,755 - ThreadPoolExecutor-0_1 - vulcan.core.engine_adapter.base - INFO - Executing SQL: DROP TABLE IF EXISTS "vulcan__raw"."raw__raw_products__3337559381__dev" CASCADE (base.py:2634)
2025-12-16 18:12:37,759 - ThreadPoolExecutor-0_2 - vulcan.core.engine_adapter.base - INFO - Executing SQL: DROP TABLE IF EXISTS "vulcan__raw"."raw__raw_customers__1474975870__dev" CASCADE (base.py:2634)
2025-12-16 18:12:37,761 - ThreadPoolExecutor-0_1 - vulcan.core.snapshot.evaluator - INFO - Dropped table 'warehouse.vulcan__raw.raw__raw_products__3337559381__dev' (evaluator.py:2125)
2025-12-16 18:12:37,761 - ThreadPoolExecutor-0_2 - vulcan.core.snapshot.evaluator - INFO - Dropped table 'warehouse.vulcan__raw.raw__raw_customers__1474975870__dev' (evaluator.py:2125)
2025-12-16 18:12:37,761 - ThreadPoolExecutor-0_0 - vulcan.core.snapshot.evaluator - INFO - Dropped table 'warehouse.vulcan__sales.sales__daily_sales__2671854529__dev' (evaluator.py:2125)
2025-12-16 18:12:37,761 - ThreadPoolExecutor-0_1 - vulcan.core.engine_adapter.base - INFO - Executing SQL: DROP TABLE IF EXISTS "vulcan__raw"."raw__raw_products__3337559381" CASCADE (base.py:2634)
2025-12-16 18:12:37,762 - ThreadPoolExecutor-0_2 - vulcan.core.engine_adapter.base - INFO - Executing SQL: DROP TABLE IF EXISTS "vulcan__raw"."raw__raw_customers__1474975870" CASCADE (base.py:2634)
2025-12-16 18:12:37,762 - ThreadPoolExecutor-0_0 - vulcan.core.engine_adapter.base - INFO - Executing SQL: DROP TABLE IF EXISTS "vulcan__sales"."sales__daily_sales__2671854529" CASCADE (base.py:2634)
2025-12-16 18:12:37,768 - ThreadPoolExecutor-0_0 - vulcan.core.snapshot.evaluator - INFO - Dropped table 'warehouse.vulcan__sales.sales__daily_sales__2671854529' (evaluator.py:2125)
2025-12-16 18:12:37,768 - ThreadPoolExecutor-0_2 - vulcan.core.snapshot.evaluator - INFO - Dropped table 'warehouse.vulcan__raw.raw__raw_customers__1474975870' (evaluator.py:2125)
2025-12-16 18:12:37,768 - ThreadPoolExecutor-0_1 - vulcan.core.snapshot.evaluator - INFO - Dropped table 'warehouse.vulcan__raw.raw__raw_products__3337559381' (evaluator.py:2125)
2025-12-16 18:12:37,772 - ThreadPoolExecutor-0_3 - vulcan.core.engine_adapter.base - INFO - Executing SQL: DROP TABLE IF EXISTS "vulcan__raw"."raw__raw_orders__1032938324__dev" CASCADE (base.py:2634)
2025-12-16 18:12:37,773 - ThreadPoolExecutor-0_3 - vulcan.core.snapshot.evaluator - INFO - Dropped table 'warehouse.vulcan__raw.raw__raw_orders__1032938324__dev' (evaluator.py:2125)
2025-12-16 18:12:37,774 - ThreadPoolExecutor-0_3 - vulcan.core.engine_adapter.base - INFO - Executing SQL: DROP TABLE IF EXISTS "vulcan__raw"."raw__raw_orders__1032938324" CASCADE (base.py:2634)
2025-12-16 18:12:37,777 - ThreadPoolExecutor-0_3 - vulcan.core.snapshot.evaluator - INFO - Dropped table 'warehouse.vulcan__raw.raw__raw_orders__1032938324' (evaluator.py:2125)
2025-12-16 18:12:37,814 - MainThread - vulcan.core.state_sync.db.interval - INFO - Compacting 4 intervals for 4 snapshots (interval.py:130)
2025-12-16 18:12:37,814 - MainThread - vulcan.core.state_sync.db.interval - INFO - Pushing intervals for snapshot SnapshotId<"warehouse"."raw"."raw_customers": 4133886087> (interval.py:215)
2025-12-16 18:12:37,815 - MainThread - vulcan.core.state_sync.db.interval - INFO - Pushing intervals for snapshot SnapshotId<"warehouse"."raw"."raw_orders": 3563304840> (interval.py:215)
2025-12-16 18:12:37,815 - MainThread - vulcan.core.state_sync.db.interval - INFO - Pushing intervals for snapshot SnapshotId<"warehouse"."raw"."raw_products": 2562582557> (interval.py:215)
2025-12-16 18:12:37,815 - MainThread - vulcan.core.state_sync.db.interval - INFO - Pushing intervals for snapshot SnapshotId<"warehouse"."sales"."daily_sales": 1226329217> (interval.py:215)
2025-12-16 18:12:37,825 - MainThread - vulcan.core.state_sync.common - INFO - Cleaned up expired snapshots batch (janitor.py:179)
2025-12-16 18:12:37,829 - MainThread - vulcan.core.state_sync.common - INFO - Cleaned up 14 expired snapshots (janitor.py:181)
2025-12-16 18:12:37,838 - MainThread - vulcan.core.state_sync.db.interval - INFO - Compacting 0 intervals for 0 snapshots (interval.py:130)
2025-12-16 18:12:37,864 - MainThread - root - INFO - Shutting down the event dispatcher (dispatcher.py:231)
