2025-12-16 18:20:21,848 - MainThread - vulcan.core.config.connection - INFO - Creating new DuckDB adapter for in-memory database (connection.py:515)
2025-12-16 18:20:23,916 - MainThread - vulcan.core.plan.evaluator - INFO - Evaluating plan stage CreateSnapshotRecordsStage (evaluator.py:125)
2025-12-16 18:20:23,931 - MainThread - vulcan.core.plan.evaluator - INFO - Evaluating plan stage PhysicalLayerSchemaCreationStage (evaluator.py:125)
2025-12-16 18:20:23,932 - ThreadPoolExecutor-1_0 - vulcan.core.snapshot.evaluator - INFO - Creating schema 'warehouse.vulcan__raw' (evaluator.py:1449)
2025-12-16 18:20:23,932 - ThreadPoolExecutor-1_1 - vulcan.core.snapshot.evaluator - INFO - Creating schema 'warehouse.vulcan__sales' (evaluator.py:1449)
2025-12-16 18:20:23,937 - ThreadPoolExecutor-1_0 - vulcan.core.engine_adapter.base - INFO - Executing SQL: /* VULCAN_PLAN[orders360]: b2a77cd7b6d141e295be8a36ce2bcda9 */ CREATE SCHEMA IF NOT EXISTS "vulcan__raw" (base.py:2634)
2025-12-16 18:20:23,942 - ThreadPoolExecutor-1_1 - vulcan.core.engine_adapter.base - INFO - Executing SQL: /* VULCAN_PLAN[orders360]: b2a77cd7b6d141e295be8a36ce2bcda9 */ CREATE SCHEMA IF NOT EXISTS "vulcan__sales" (base.py:2634)
2025-12-16 18:20:23,943 - MainThread - vulcan.core.plan.evaluator - INFO - Evaluating plan stage BackfillStage (evaluator.py:125)
2025-12-16 18:20:23,945 - ThreadPoolExecutor-2_0 - vulcan.core.snapshot.evaluator - INFO - Listing data objects in schema warehouse.vulcan__sales (evaluator.py:1616)
2025-12-16 18:20:23,948 - ThreadPoolExecutor-2_0 - vulcan.core.engine_adapter.base - INFO - Executing SQL: /* VULCAN_PLAN[orders360]: b2a77cd7b6d141e295be8a36ce2bcda9 */ SELECT current_catalog (base.py:2634)
2025-12-16 18:20:24,029 - ThreadPoolExecutor-3_0 - vulcan.core.snapshot.evaluator - INFO - Evaluating snapshot SnapshotId<"warehouse"."sales"."daily_sales": 4059378785> (evaluator.py:711)
2025-12-16 18:20:24,039 - ThreadPoolExecutor-3_0 - vulcan.core.snapshot.evaluator - INFO - Inserting data for snapshot SnapshotId<"warehouse"."sales"."daily_sales": 4059378785> (evaluator.py:952)
2025-12-16 18:20:24,043 - ThreadPoolExecutor-3_0 - vulcan.core.snapshot.evaluator - INFO - Inserting batch (2025-12-15 00:00:00, 2025-12-16 00:00:00) into warehouse.vulcan__sales.sales__daily_sales__2544859320' (evaluator.py:984)
2025-12-16 18:20:24,045 - ThreadPoolExecutor-3_0 - vulcan.core.engine_adapter.base - INFO - Executing SQL: /* VULCAN_PLAN[orders360]: b2a77cd7b6d141e295be8a36ce2bcda9 */ CREATE TABLE IF NOT EXISTS "vulcan__sales"."sales__daily_sales__2544859320" AS SELECT CAST("order_date" AS TIMESTAMP) AS "order_date", CAST("total_orders" AS INT) AS "total_orders", CAST("total_revenue" AS DOUBLE PRECISION) AS "total_revenue", CAST("last_order_id" AS VARCHAR) AS "last_order_id", CAST("total_products" AS BIGINT) AS "total_products" FROM (SELECT CAST("raw_orders"."order_date" AS TIMESTAMP) AS "order_date", CAST(COUNT("raw_orders"."order_id") AS INT) AS "total_orders", CAST(SUM("raw_orders"."total_amount") AS DOUBLE PRECISION) AS "total_revenue", CAST(MAX("raw_orders"."order_id") AS VARCHAR) AS "last_order_id", COUNT(DISTINCT "raw_orders"."product_id") AS "total_products" FROM "warehouse"."vulcan__raw"."raw__raw_orders__1032938324" AS "raw_orders" GROUP BY "raw_orders"."order_date" ORDER BY "order_date") AS "_subquery" (base.py:2634)
2025-12-16 18:20:24,053 - ThreadPoolExecutor-3_0 - vulcan.core.engine_adapter.base - INFO - Executing SQL: /* VULCAN_PLAN[orders360]: b2a77cd7b6d141e295be8a36ce2bcda9 */ COMMENT ON TABLE "vulcan__sales"."sales__daily_sales__2544859320" IS 'Daily sales summary with order counts and revenue' (base.py:2634)
2025-12-16 18:20:24,053 - ThreadPoolExecutor-3_0 - vulcan.core.engine_adapter.base - INFO - Executing SQL: /* VULCAN_PLAN[orders360]: b2a77cd7b6d141e295be8a36ce2bcda9 */ COMMENT ON COLUMN "vulcan__sales"."sales__daily_sales__2544859320"."order_date" IS 'Date of the sales' (base.py:2634)
2025-12-16 18:20:24,054 - ThreadPoolExecutor-3_0 - vulcan.core.engine_adapter.base - INFO - Executing SQL: /* VULCAN_PLAN[orders360]: b2a77cd7b6d141e295be8a36ce2bcda9 */ COMMENT ON COLUMN "vulcan__sales"."sales__daily_sales__2544859320"."total_orders" IS 'Total number of orders for the day' (base.py:2634)
2025-12-16 18:20:24,054 - ThreadPoolExecutor-3_0 - vulcan.core.engine_adapter.base - INFO - Executing SQL: /* VULCAN_PLAN[orders360]: b2a77cd7b6d141e295be8a36ce2bcda9 */ COMMENT ON COLUMN "vulcan__sales"."sales__daily_sales__2544859320"."total_revenue" IS 'Total revenue for the day' (base.py:2634)
2025-12-16 18:20:24,054 - ThreadPoolExecutor-3_0 - vulcan.core.engine_adapter.base - INFO - Executing SQL: /* VULCAN_PLAN[orders360]: b2a77cd7b6d141e295be8a36ce2bcda9 */ COMMENT ON COLUMN "vulcan__sales"."sales__daily_sales__2544859320"."last_order_id" IS 'Last order ID processed for the day' (base.py:2634)
2025-12-16 18:20:24,055 - ThreadPoolExecutor-3_0 - vulcan.core.snapshot.evaluator - INFO - Auditing snapshot SnapshotId<"warehouse"."sales"."daily_sales": 4059378785> (evaluator.py:603)
2025-12-16 18:20:24,057 - ThreadPoolExecutor-3_0 - vulcan.core.engine_adapter.base - INFO - Executing SQL: /* VULCAN_PLAN[orders360]: b2a77cd7b6d141e295be8a36ce2bcda9 */ SELECT "attname" AS "column_name", "pg_catalog".format_type("atttypid", "atttypmod") AS "data_type" FROM "pg_catalog"."pg_attribute" JOIN "pg_catalog"."pg_class" ON "pg_class"."oid" = "attrelid" JOIN "pg_catalog"."pg_namespace" ON "pg_namespace"."oid" = "relnamespace" WHERE ("attnum" > 0 AND NOT "attisdropped" AND "relname" = 'sales__daily_sales__2544859320') AND "nspname" = 'vulcan__sales' (base.py:2634)
2025-12-16 18:20:24,063 - ThreadPoolExecutor-3_0 - vulcan.core.engine_adapter.base - INFO - Executing SQL: /* VULCAN_PLAN[orders360]: b2a77cd7b6d141e295be8a36ce2bcda9 */ SELECT COUNT(*) FROM (SELECT * FROM (SELECT ROW_NUMBER() OVER (PARTITION BY "order_date" ORDER BY "order_date" NULLS FIRST) AS "rank_order_date" FROM "warehouse"."vulcan__sales"."sales__daily_sales__2544859320" AS "sales__daily_sales__2544859320" WHERE TRUE) AS "_q_0" WHERE "rank_order_date" > 1) AS "audit" (base.py:2634)
2025-12-16 18:20:24,066 - ThreadPoolExecutor-3_0 - vulcan.core.engine_adapter.base - INFO - Executing SQL: /* VULCAN_PLAN[orders360]: b2a77cd7b6d141e295be8a36ce2bcda9 */ SELECT "attname" AS "column_name", "pg_catalog".format_type("atttypid", "atttypmod") AS "data_type" FROM "pg_catalog"."pg_attribute" JOIN "pg_catalog"."pg_class" ON "pg_class"."oid" = "attrelid" JOIN "pg_catalog"."pg_namespace" ON "pg_namespace"."oid" = "relnamespace" WHERE ("attnum" > 0 AND NOT "attisdropped" AND "relname" = 'sales__daily_sales__2544859320') AND "nspname" = 'vulcan__sales' (base.py:2634)
2025-12-16 18:20:24,071 - ThreadPoolExecutor-3_0 - vulcan.core.engine_adapter.base - INFO - Executing SQL: /* VULCAN_PLAN[orders360]: b2a77cd7b6d141e295be8a36ce2bcda9 */ SELECT COUNT(*) FROM (SELECT * FROM "warehouse"."vulcan__sales"."sales__daily_sales__2544859320" AS "sales__daily_sales__2544859320" WHERE ("order_date" IS NULL OR "total_orders" IS NULL OR "total_revenue" IS NULL) AND TRUE) AS "audit" (base.py:2634)
2025-12-16 18:20:24,073 - ThreadPoolExecutor-3_0 - vulcan.core.engine_adapter.base - INFO - Executing SQL: /* VULCAN_PLAN[orders360]: b2a77cd7b6d141e295be8a36ce2bcda9 */ SELECT "attname" AS "column_name", "pg_catalog".format_type("atttypid", "atttypmod") AS "data_type" FROM "pg_catalog"."pg_attribute" JOIN "pg_catalog"."pg_class" ON "pg_class"."oid" = "attrelid" JOIN "pg_catalog"."pg_namespace" ON "pg_namespace"."oid" = "relnamespace" WHERE ("attnum" > 0 AND NOT "attisdropped" AND "relname" = 'sales__daily_sales__2544859320') AND "nspname" = 'vulcan__sales' (base.py:2634)
2025-12-16 18:20:24,076 - ThreadPoolExecutor-3_0 - vulcan.core.engine_adapter.base - INFO - Executing SQL: /* VULCAN_PLAN[orders360]: b2a77cd7b6d141e295be8a36ce2bcda9 */ SELECT COUNT(*) FROM (SELECT * FROM "warehouse"."vulcan__sales"."sales__daily_sales__2544859320" AS "sales__daily_sales__2544859320" WHERE "total_orders" < 0) AS "audit" (base.py:2634)
2025-12-16 18:20:24,079 - ThreadPoolExecutor-3_0 - vulcan.core.engine_adapter.base - INFO - Executing SQL: /* VULCAN_PLAN[orders360]: b2a77cd7b6d141e295be8a36ce2bcda9 */ SELECT "attname" AS "column_name", "pg_catalog".format_type("atttypid", "atttypmod") AS "data_type" FROM "pg_catalog"."pg_attribute" JOIN "pg_catalog"."pg_class" ON "pg_class"."oid" = "attrelid" JOIN "pg_catalog"."pg_namespace" ON "pg_namespace"."oid" = "relnamespace" WHERE ("attnum" > 0 AND NOT "attisdropped" AND "relname" = 'sales__daily_sales__2544859320') AND "nspname" = 'vulcan__sales' (base.py:2634)
2025-12-16 18:20:24,082 - ThreadPoolExecutor-3_0 - vulcan.core.engine_adapter.base - INFO - Executing SQL: /* VULCAN_PLAN[orders360]: b2a77cd7b6d141e295be8a36ce2bcda9 */ SELECT COUNT(*) FROM (SELECT * FROM "warehouse"."vulcan__sales"."sales__daily_sales__2544859320" AS "sales__daily_sales__2544859320" WHERE "total_revenue" < 0) AS "audit" (base.py:2634)
2025-12-16 18:20:24,089 - ThreadPoolExecutor-3_0 - vulcan.core.state_sync.db.facade - INFO - Adding interval (2025-12-15 00:00:00, 2025-12-16 00:00:00) for snapshot SnapshotId<"warehouse"."sales"."daily_sales": 4059378785> (facade.py:654)
2025-12-16 18:20:24,089 - ThreadPoolExecutor-3_0 - vulcan.core.state_sync.db.interval - INFO - Pushing intervals for snapshot SnapshotId<"warehouse"."sales"."daily_sales": 4059378785> (interval.py:215)
2025-12-16 18:20:24,096 - MainThread - vulcan.core.plan.evaluator - INFO - Evaluating plan stage EnvironmentRecordUpdateStage (evaluator.py:125)
2025-12-16 18:20:24,097 - MainThread - vulcan.core.state_sync.db.facade - INFO - Promoting environment 'dev' (facade.py:184)
2025-12-16 18:20:24,109 - MainThread - vulcan.core.plan.evaluator - INFO - Evaluating plan stage VirtualLayerUpdateStage (evaluator.py:125)
2025-12-16 18:20:24,111 - ThreadPoolExecutor-4_0 - vulcan.core.snapshot.evaluator - INFO - Creating schema 'warehouse.raw__dev' (evaluator.py:1449)
2025-12-16 18:20:24,111 - ThreadPoolExecutor-4_1 - vulcan.core.snapshot.evaluator - INFO - Creating schema 'warehouse.sales__dev' (evaluator.py:1449)
2025-12-16 18:20:24,115 - ThreadPoolExecutor-4_0 - vulcan.core.engine_adapter.base - INFO - Executing SQL: /* VULCAN_PLAN[orders360]: b2a77cd7b6d141e295be8a36ce2bcda9 */ CREATE SCHEMA IF NOT EXISTS "raw__dev" (base.py:2634)
2025-12-16 18:20:24,118 - ThreadPoolExecutor-4_1 - vulcan.core.engine_adapter.base - INFO - Executing SQL: /* VULCAN_PLAN[orders360]: b2a77cd7b6d141e295be8a36ce2bcda9 */ CREATE SCHEMA IF NOT EXISTS "sales__dev" (base.py:2634)
2025-12-16 18:20:24,119 - ThreadPoolExecutor-5_0 - vulcan.core.snapshot.evaluator - INFO - Listing data objects in schema warehouse.raw__dev (evaluator.py:1616)
2025-12-16 18:20:24,120 - ThreadPoolExecutor-5_1 - vulcan.core.snapshot.evaluator - INFO - Listing data objects in schema warehouse.sales__dev (evaluator.py:1616)
2025-12-16 18:20:24,122 - ThreadPoolExecutor-5_0 - vulcan.core.engine_adapter.base - INFO - Executing SQL: /* VULCAN_PLAN[orders360]: b2a77cd7b6d141e295be8a36ce2bcda9 */ SELECT current_catalog (base.py:2634)
2025-12-16 18:20:24,124 - ThreadPoolExecutor-5_1 - vulcan.core.engine_adapter.base - INFO - Executing SQL: /* VULCAN_PLAN[orders360]: b2a77cd7b6d141e295be8a36ce2bcda9 */ SELECT current_catalog (base.py:2634)
2025-12-16 18:20:24,132 - ThreadPoolExecutor-6_0 - vulcan.core.snapshot.evaluator - INFO - Updating view 'warehouse.raw__dev.raw_customers' to point at table 'warehouse.vulcan__raw.raw__raw_customers__1474975870' (evaluator.py:1988)
2025-12-16 18:20:24,133 - ThreadPoolExecutor-6_0 - vulcan.core.engine_adapter.base - INFO - Executing SQL: /* VULCAN_PLAN[orders360]: b2a77cd7b6d141e295be8a36ce2bcda9 */ DROP VIEW IF EXISTS "raw__dev"."raw_customers" CASCADE (base.py:2634)
2025-12-16 18:20:24,134 - ThreadPoolExecutor-6_1 - vulcan.core.snapshot.evaluator - INFO - Updating view 'warehouse.raw__dev.raw_products' to point at table 'warehouse.vulcan__raw.raw__raw_products__3337559381' (evaluator.py:1988)
2025-12-16 18:20:24,135 - ThreadPoolExecutor-6_1 - vulcan.core.engine_adapter.base - INFO - Executing SQL: /* VULCAN_PLAN[orders360]: b2a77cd7b6d141e295be8a36ce2bcda9 */ DROP VIEW IF EXISTS "raw__dev"."raw_products" CASCADE (base.py:2634)
2025-12-16 18:20:24,136 - ThreadPoolExecutor-6_2 - vulcan.core.snapshot.evaluator - INFO - Updating view 'warehouse.raw__dev.raw_orders' to point at table 'warehouse.vulcan__raw.raw__raw_orders__1032938324' (evaluator.py:1988)
2025-12-16 18:20:24,137 - ThreadPoolExecutor-6_2 - vulcan.core.engine_adapter.base - INFO - Executing SQL: /* VULCAN_PLAN[orders360]: b2a77cd7b6d141e295be8a36ce2bcda9 */ DROP VIEW IF EXISTS "raw__dev"."raw_orders" CASCADE (base.py:2634)
2025-12-16 18:20:24,138 - ThreadPoolExecutor-6_0 - vulcan.core.engine_adapter.base - INFO - Executing SQL: /* VULCAN_PLAN[orders360]: b2a77cd7b6d141e295be8a36ce2bcda9 */ CREATE VIEW "raw__dev"."raw_customers" AS SELECT * FROM "warehouse"."vulcan__raw"."raw__raw_customers__1474975870" (base.py:2634)
2025-12-16 18:20:24,138 - ThreadPoolExecutor-6_1 - vulcan.core.engine_adapter.base - INFO - Executing SQL: /* VULCAN_PLAN[orders360]: b2a77cd7b6d141e295be8a36ce2bcda9 */ CREATE VIEW "raw__dev"."raw_products" AS SELECT * FROM "warehouse"."vulcan__raw"."raw__raw_products__3337559381" (base.py:2634)
2025-12-16 18:20:24,138 - ThreadPoolExecutor-6_2 - vulcan.core.engine_adapter.base - INFO - Executing SQL: /* VULCAN_PLAN[orders360]: b2a77cd7b6d141e295be8a36ce2bcda9 */ CREATE VIEW "raw__dev"."raw_orders" AS SELECT * FROM "warehouse"."vulcan__raw"."raw__raw_orders__1032938324" (base.py:2634)
2025-12-16 18:20:24,143 - ThreadPoolExecutor-6_3 - vulcan.core.snapshot.evaluator - INFO - Updating view 'warehouse.sales__dev.daily_sales' to point at table 'warehouse.vulcan__sales.sales__daily_sales__2544859320' (evaluator.py:1988)
2025-12-16 18:20:24,144 - ThreadPoolExecutor-6_3 - vulcan.core.engine_adapter.base - INFO - Executing SQL: /* VULCAN_PLAN[orders360]: b2a77cd7b6d141e295be8a36ce2bcda9 */ DROP VIEW IF EXISTS "sales__dev"."daily_sales" CASCADE (base.py:2634)
2025-12-16 18:20:24,145 - ThreadPoolExecutor-6_3 - vulcan.core.engine_adapter.base - INFO - Executing SQL: /* VULCAN_PLAN[orders360]: b2a77cd7b6d141e295be8a36ce2bcda9 */ CREATE VIEW "sales__dev"."daily_sales" AS SELECT * FROM "warehouse"."vulcan__sales"."sales__daily_sales__2544859320" (base.py:2634)
2025-12-16 18:20:24,148 - MainThread - vulcan.core.plan.evaluator - INFO - Evaluating plan stage FinalizeEnvironmentStage (evaluator.py:125)
2025-12-16 18:20:24,149 - MainThread - vulcan.core.state_sync.db.environment - INFO - Finalizing environment 'dev' (environment.py:141)
2025-12-16 18:20:24,187 - MainThread - vulcan.core.context - INFO - Recorded run activity for 1 models (context.py:2009)
2025-12-16 18:20:24,222 - MainThread - vulcan.core.check.executor - INFO - Running quality scans in 1 batch(es): {('warehouse', 'sales')} (executor.py:531)
2025-12-16 18:20:24,222 - MainThread - vulcan.core.check.executor - INFO - Running quality batch 1/1 for warehouse.sales (4 check suites, 0 profile models) (executor.py:550)
2025-12-16 18:20:24,569 - MainThread - prophet.plot - ERROR - Importing plotly failed. Interactive plots will not work. (plot.py:40)
2025-12-16 18:20:24,577 - MainThread - soda.scan - WARNING - [18:20:24] Anomaly Detection Insufficient Training Data Warning: The model requires a minimum of 5 historical measurements for accurate predictions, but currently has only 1 check results available. (log.py:101)
2025-12-16 18:20:24,584 - MainThread - vulcan.core.check.soda_statesync - INFO - Extracted 1 failed row sample(s) from scan context (soda_statesync.py:160)
2025-12-16 18:20:24,597 - MainThread - vulcan.core.state_sync.db.quality - INFO - Stored check scan f2386085-2ef6-49e9-a6bf-d3d013fc475b, run e999fed0120c44058ef3943ced2773ad: 4 checks, 3 metrics, 0 profile metrics (quality.py:150)
2025-12-16 18:20:24,605 - MainThread - root - INFO - Shutting down the event dispatcher (dispatcher.py:231)
