2025-12-16 18:17:20,324 - MainThread - vulcan.core.config.connection - INFO - Creating new DuckDB adapter for in-memory database (connection.py:515)
2025-12-16 18:17:22,177 - MainThread - vulcan.core.plan.evaluator - INFO - Evaluating plan stage PhysicalLayerSchemaCreationStage (evaluator.py:125)
2025-12-16 18:17:22,178 - ThreadPoolExecutor-1_0 - vulcan.core.snapshot.evaluator - INFO - Creating schema 'warehouse.vulcan__sales' (evaluator.py:1449)
2025-12-16 18:17:22,178 - ThreadPoolExecutor-1_1 - vulcan.core.snapshot.evaluator - INFO - Creating schema 'warehouse.vulcan__raw' (evaluator.py:1449)
2025-12-16 18:17:22,184 - ThreadPoolExecutor-1_0 - vulcan.core.engine_adapter.base - INFO - Executing SQL: /* VULCAN_PLAN[orders360]: 2973688d0d614a52accf490d94f571ef */ CREATE SCHEMA IF NOT EXISTS "vulcan__sales" (base.py:2634)
2025-12-16 18:17:22,189 - ThreadPoolExecutor-1_1 - vulcan.core.engine_adapter.base - INFO - Executing SQL: /* VULCAN_PLAN[orders360]: 2973688d0d614a52accf490d94f571ef */ CREATE SCHEMA IF NOT EXISTS "vulcan__raw" (base.py:2634)
2025-12-16 18:17:22,190 - MainThread - vulcan.core.plan.evaluator - INFO - Evaluating plan stage PhysicalLayerUpdateStage (evaluator.py:125)
2025-12-16 18:17:22,191 - ThreadPoolExecutor-2_0 - vulcan.core.snapshot.evaluator - INFO - Listing data objects in schema warehouse.vulcan__sales (evaluator.py:1616)
2025-12-16 18:17:22,191 - ThreadPoolExecutor-2_1 - vulcan.core.snapshot.evaluator - INFO - Listing data objects in schema warehouse.vulcan__raw (evaluator.py:1616)
2025-12-16 18:17:22,195 - ThreadPoolExecutor-2_0 - vulcan.core.engine_adapter.base - INFO - Executing SQL: /* VULCAN_PLAN[orders360]: 2973688d0d614a52accf490d94f571ef */ SELECT current_catalog (base.py:2634)
2025-12-16 18:17:22,198 - ThreadPoolExecutor-2_1 - vulcan.core.engine_adapter.base - INFO - Executing SQL: /* VULCAN_PLAN[orders360]: 2973688d0d614a52accf490d94f571ef */ SELECT current_catalog (base.py:2634)
2025-12-16 18:17:22,286 - MainThread - vulcan.core.plan.evaluator - INFO - Evaluating plan stage BackfillStage (evaluator.py:125)
2025-12-16 18:17:22,286 - MainThread - vulcan.core.plan.evaluator - INFO - Evaluating plan stage EnvironmentRecordUpdateStage (evaluator.py:125)
2025-12-16 18:17:22,287 - MainThread - vulcan.core.state_sync.db.facade - INFO - Promoting environment 'prod' (facade.py:184)
2025-12-16 18:17:22,297 - MainThread - vulcan.core.plan.evaluator - INFO - Evaluating plan stage UnpauseStage (evaluator.py:125)
2025-12-16 18:17:22,301 - MainThread - vulcan.core.plan.evaluator - INFO - Evaluating plan stage VirtualLayerUpdateStage (evaluator.py:125)
2025-12-16 18:17:22,303 - ThreadPoolExecutor-3_0 - vulcan.core.snapshot.evaluator - INFO - Creating schema 'warehouse.raw' (evaluator.py:1449)
2025-12-16 18:17:22,303 - ThreadPoolExecutor-3_1 - vulcan.core.snapshot.evaluator - INFO - Creating schema 'warehouse.sales' (evaluator.py:1449)
2025-12-16 18:17:22,307 - ThreadPoolExecutor-3_0 - vulcan.core.engine_adapter.base - INFO - Executing SQL: /* VULCAN_PLAN[orders360]: 2973688d0d614a52accf490d94f571ef */ CREATE SCHEMA IF NOT EXISTS "raw" (base.py:2634)
2025-12-16 18:17:22,310 - ThreadPoolExecutor-3_1 - vulcan.core.engine_adapter.base - INFO - Executing SQL: /* VULCAN_PLAN[orders360]: 2973688d0d614a52accf490d94f571ef */ CREATE SCHEMA IF NOT EXISTS "sales" (base.py:2634)
2025-12-16 18:17:22,312 - ThreadPoolExecutor-4_0 - vulcan.core.snapshot.evaluator - INFO - Listing data objects in schema warehouse.sales (evaluator.py:1616)
2025-12-16 18:17:22,312 - ThreadPoolExecutor-4_1 - vulcan.core.snapshot.evaluator - INFO - Listing data objects in schema warehouse.raw (evaluator.py:1616)
2025-12-16 18:17:22,315 - ThreadPoolExecutor-4_0 - vulcan.core.engine_adapter.base - INFO - Executing SQL: /* VULCAN_PLAN[orders360]: 2973688d0d614a52accf490d94f571ef */ SELECT current_catalog (base.py:2634)
2025-12-16 18:17:22,318 - ThreadPoolExecutor-4_1 - vulcan.core.engine_adapter.base - INFO - Executing SQL: /* VULCAN_PLAN[orders360]: 2973688d0d614a52accf490d94f571ef */ SELECT current_catalog (base.py:2634)
2025-12-16 18:17:22,327 - ThreadPoolExecutor-5_0 - vulcan.core.snapshot.evaluator - INFO - Updating view 'warehouse.raw.raw_orders' to point at table 'warehouse.vulcan__raw.raw__raw_orders__1032938324' (evaluator.py:1988)
2025-12-16 18:17:22,327 - ThreadPoolExecutor-5_0 - vulcan.core.engine_adapter.base - INFO - Executing SQL: /* VULCAN_PLAN[orders360]: 2973688d0d614a52accf490d94f571ef */ DROP VIEW IF EXISTS "raw"."raw_orders" CASCADE (base.py:2634)
2025-12-16 18:17:22,329 - ThreadPoolExecutor-5_1 - vulcan.core.snapshot.evaluator - INFO - Updating view 'warehouse.raw.raw_customers' to point at table 'warehouse.vulcan__raw.raw__raw_customers__1474975870' (evaluator.py:1988)
2025-12-16 18:17:22,329 - ThreadPoolExecutor-5_1 - vulcan.core.engine_adapter.base - INFO - Executing SQL: /* VULCAN_PLAN[orders360]: 2973688d0d614a52accf490d94f571ef */ DROP VIEW IF EXISTS "raw"."raw_customers" CASCADE (base.py:2634)
2025-12-16 18:17:22,331 - ThreadPoolExecutor-5_2 - vulcan.core.snapshot.evaluator - INFO - Updating view 'warehouse.raw.raw_products' to point at table 'warehouse.vulcan__raw.raw__raw_products__3337559381' (evaluator.py:1988)
2025-12-16 18:17:22,331 - ThreadPoolExecutor-5_2 - vulcan.core.engine_adapter.base - INFO - Executing SQL: /* VULCAN_PLAN[orders360]: 2973688d0d614a52accf490d94f571ef */ DROP VIEW IF EXISTS "raw"."raw_products" CASCADE (base.py:2634)
2025-12-16 18:17:22,331 - ThreadPoolExecutor-5_0 - vulcan.core.engine_adapter.base - INFO - Executing SQL: /* VULCAN_PLAN[orders360]: 2973688d0d614a52accf490d94f571ef */ CREATE VIEW "raw"."raw_orders" AS SELECT * FROM "warehouse"."vulcan__raw"."raw__raw_orders__1032938324" (base.py:2634)
2025-12-16 18:17:22,332 - ThreadPoolExecutor-5_2 - vulcan.core.engine_adapter.base - INFO - Executing SQL: /* VULCAN_PLAN[orders360]: 2973688d0d614a52accf490d94f571ef */ CREATE VIEW "raw"."raw_products" AS SELECT * FROM "warehouse"."vulcan__raw"."raw__raw_products__3337559381" (base.py:2634)
2025-12-16 18:17:22,332 - ThreadPoolExecutor-5_1 - vulcan.core.engine_adapter.base - INFO - Executing SQL: /* VULCAN_PLAN[orders360]: 2973688d0d614a52accf490d94f571ef */ CREATE VIEW "raw"."raw_customers" AS SELECT * FROM "warehouse"."vulcan__raw"."raw__raw_customers__1474975870" (base.py:2634)
2025-12-16 18:17:22,332 - ThreadPoolExecutor-5_0 - vulcan.core.engine_adapter.base - INFO - Executing SQL: /* VULCAN_PLAN[orders360]: 2973688d0d614a52accf490d94f571ef */ COMMENT ON VIEW "raw"."raw_orders" IS 'Seed model loading raw order data from CSV file' (base.py:2634)
2025-12-16 18:17:22,333 - ThreadPoolExecutor-5_2 - vulcan.core.engine_adapter.base - INFO - Executing SQL: /* VULCAN_PLAN[orders360]: 2973688d0d614a52accf490d94f571ef */ COMMENT ON VIEW "raw"."raw_products" IS 'Seed model loading raw product data from CSV file' (base.py:2634)
2025-12-16 18:17:22,333 - ThreadPoolExecutor-5_1 - vulcan.core.engine_adapter.base - INFO - Executing SQL: /* VULCAN_PLAN[orders360]: 2973688d0d614a52accf490d94f571ef */ COMMENT ON VIEW "raw"."raw_customers" IS 'Seed model loading raw customer data from CSV file' (base.py:2634)
2025-12-16 18:17:22,333 - ThreadPoolExecutor-5_0 - vulcan.core.engine_adapter.base - INFO - Executing SQL: /* VULCAN_PLAN[orders360]: 2973688d0d614a52accf490d94f571ef */ COMMENT ON COLUMN "raw"."raw_orders"."order_id" IS 'Unique identifier for each order' (base.py:2634)
2025-12-16 18:17:22,333 - ThreadPoolExecutor-5_2 - vulcan.core.engine_adapter.base - INFO - Executing SQL: /* VULCAN_PLAN[orders360]: 2973688d0d614a52accf490d94f571ef */ COMMENT ON COLUMN "raw"."raw_products"."product_id" IS 'Unique identifier for each product' (base.py:2634)
2025-12-16 18:17:22,333 - ThreadPoolExecutor-5_0 - vulcan.core.engine_adapter.base - INFO - Executing SQL: /* VULCAN_PLAN[orders360]: 2973688d0d614a52accf490d94f571ef */ COMMENT ON COLUMN "raw"."raw_orders"."order_date" IS 'Date when the order was placed' (base.py:2634)
2025-12-16 18:17:22,333 - ThreadPoolExecutor-5_2 - vulcan.core.engine_adapter.base - INFO - Executing SQL: /* VULCAN_PLAN[orders360]: 2973688d0d614a52accf490d94f571ef */ COMMENT ON COLUMN "raw"."raw_products"."product_name" IS 'Name of the product' (base.py:2634)
2025-12-16 18:17:22,334 - ThreadPoolExecutor-5_1 - vulcan.core.engine_adapter.base - INFO - Executing SQL: /* VULCAN_PLAN[orders360]: 2973688d0d614a52accf490d94f571ef */ COMMENT ON COLUMN "raw"."raw_customers"."customer_id" IS 'Unique identifier for each customer' (base.py:2634)
2025-12-16 18:17:22,334 - ThreadPoolExecutor-5_0 - vulcan.core.engine_adapter.base - INFO - Executing SQL: /* VULCAN_PLAN[orders360]: 2973688d0d614a52accf490d94f571ef */ COMMENT ON COLUMN "raw"."raw_orders"."customer_id" IS 'Reference to customer who placed the order' (base.py:2634)
2025-12-16 18:17:22,334 - ThreadPoolExecutor-5_2 - vulcan.core.engine_adapter.base - INFO - Executing SQL: /* VULCAN_PLAN[orders360]: 2973688d0d614a52accf490d94f571ef */ COMMENT ON COLUMN "raw"."raw_products"."category" IS 'Product category (Electronics, Clothing, Sports, Home, Food, Toys)' (base.py:2634)
2025-12-16 18:17:22,334 - ThreadPoolExecutor-5_1 - vulcan.core.engine_adapter.base - INFO - Executing SQL: /* VULCAN_PLAN[orders360]: 2973688d0d614a52accf490d94f571ef */ COMMENT ON COLUMN "raw"."raw_customers"."first_name" IS 'Customer first name' (base.py:2634)
2025-12-16 18:17:22,334 - ThreadPoolExecutor-5_0 - vulcan.core.engine_adapter.base - INFO - Executing SQL: /* VULCAN_PLAN[orders360]: 2973688d0d614a52accf490d94f571ef */ COMMENT ON COLUMN "raw"."raw_orders"."product_id" IS 'Reference to product that was ordered' (base.py:2634)
2025-12-16 18:17:22,334 - ThreadPoolExecutor-5_2 - vulcan.core.engine_adapter.base - INFO - Executing SQL: /* VULCAN_PLAN[orders360]: 2973688d0d614a52accf490d94f571ef */ COMMENT ON COLUMN "raw"."raw_products"."price" IS 'Product selling price in dollars' (base.py:2634)
2025-12-16 18:17:22,334 - ThreadPoolExecutor-5_1 - vulcan.core.engine_adapter.base - INFO - Executing SQL: /* VULCAN_PLAN[orders360]: 2973688d0d614a52accf490d94f571ef */ COMMENT ON COLUMN "raw"."raw_customers"."last_name" IS 'Customer last name' (base.py:2634)
2025-12-16 18:17:22,335 - ThreadPoolExecutor-5_0 - vulcan.core.engine_adapter.base - INFO - Executing SQL: /* VULCAN_PLAN[orders360]: 2973688d0d614a52accf490d94f571ef */ COMMENT ON COLUMN "raw"."raw_orders"."total_amount" IS 'Total order amount in dollars' (base.py:2634)
2025-12-16 18:17:22,335 - ThreadPoolExecutor-5_1 - vulcan.core.engine_adapter.base - INFO - Executing SQL: /* VULCAN_PLAN[orders360]: 2973688d0d614a52accf490d94f571ef */ COMMENT ON COLUMN "raw"."raw_customers"."email" IS 'Customer email address' (base.py:2634)
2025-12-16 18:17:22,335 - ThreadPoolExecutor-5_2 - vulcan.core.engine_adapter.base - INFO - Executing SQL: /* VULCAN_PLAN[orders360]: 2973688d0d614a52accf490d94f571ef */ COMMENT ON COLUMN "raw"."raw_products"."stock_quantity" IS 'Current inventory quantity available' (base.py:2634)
2025-12-16 18:17:22,335 - ThreadPoolExecutor-5_1 - vulcan.core.engine_adapter.base - INFO - Executing SQL: /* VULCAN_PLAN[orders360]: 2973688d0d614a52accf490d94f571ef */ COMMENT ON COLUMN "raw"."raw_customers"."customer_segment" IS 'Customer tier (Platinum, Gold, Silver, Bronze)' (base.py:2634)
2025-12-16 18:17:22,338 - ThreadPoolExecutor-5_3 - vulcan.core.snapshot.evaluator - INFO - Updating view 'warehouse.sales.daily_sales' to point at table 'warehouse.vulcan__sales.sales__daily_sales__2671854529' (evaluator.py:1988)
2025-12-16 18:17:22,339 - ThreadPoolExecutor-5_3 - vulcan.core.engine_adapter.base - INFO - Executing SQL: /* VULCAN_PLAN[orders360]: 2973688d0d614a52accf490d94f571ef */ DROP VIEW IF EXISTS "sales"."daily_sales" CASCADE (base.py:2634)
2025-12-16 18:17:22,339 - ThreadPoolExecutor-5_3 - vulcan.core.engine_adapter.base - INFO - Executing SQL: /* VULCAN_PLAN[orders360]: 2973688d0d614a52accf490d94f571ef */ CREATE VIEW "sales"."daily_sales" AS SELECT * FROM "warehouse"."vulcan__sales"."sales__daily_sales__2671854529" (base.py:2634)
2025-12-16 18:17:22,340 - ThreadPoolExecutor-5_3 - vulcan.core.engine_adapter.base - INFO - Executing SQL: /* VULCAN_PLAN[orders360]: 2973688d0d614a52accf490d94f571ef */ COMMENT ON VIEW "sales"."daily_sales" IS 'Daily sales summary with order counts and revenue' (base.py:2634)
2025-12-16 18:17:22,340 - ThreadPoolExecutor-5_3 - vulcan.core.engine_adapter.base - INFO - Executing SQL: /* VULCAN_PLAN[orders360]: 2973688d0d614a52accf490d94f571ef */ COMMENT ON COLUMN "sales"."daily_sales"."order_date" IS 'Date of the sales' (base.py:2634)
2025-12-16 18:17:22,341 - ThreadPoolExecutor-5_3 - vulcan.core.engine_adapter.base - INFO - Executing SQL: /* VULCAN_PLAN[orders360]: 2973688d0d614a52accf490d94f571ef */ COMMENT ON COLUMN "sales"."daily_sales"."total_orders" IS 'Total number of orders for the day' (base.py:2634)
2025-12-16 18:17:22,341 - ThreadPoolExecutor-5_3 - vulcan.core.engine_adapter.base - INFO - Executing SQL: /* VULCAN_PLAN[orders360]: 2973688d0d614a52accf490d94f571ef */ COMMENT ON COLUMN "sales"."daily_sales"."total_revenue" IS 'Total revenue for the day' (base.py:2634)
2025-12-16 18:17:22,341 - ThreadPoolExecutor-5_3 - vulcan.core.engine_adapter.base - INFO - Executing SQL: /* VULCAN_PLAN[orders360]: 2973688d0d614a52accf490d94f571ef */ COMMENT ON COLUMN "sales"."daily_sales"."last_order_id" IS 'Last order ID processed for the day' (base.py:2634)
2025-12-16 18:17:22,343 - MainThread - vulcan.core.plan.evaluator - INFO - Evaluating plan stage FinalizeEnvironmentStage (evaluator.py:125)
2025-12-16 18:17:22,344 - MainThread - vulcan.core.state_sync.db.environment - INFO - Finalizing environment 'prod' (environment.py:141)
2025-12-16 18:17:22,378 - MainThread - root - INFO - Shutting down the event dispatcher (dispatcher.py:231)
