2025-12-16 18:26:17,198 - MainThread - vulcan.core.config.connection - INFO - Creating new DuckDB adapter for in-memory database (connection.py:515)
2025-12-16 18:26:18,846 - MainThread - vulcan.core.plan.evaluator - INFO - Evaluating plan stage PhysicalLayerSchemaCreationStage (evaluator.py:125)
2025-12-16 18:26:18,848 - ThreadPoolExecutor-1_0 - vulcan.core.snapshot.evaluator - INFO - Creating schema 'warehouse.vulcan__raw' (evaluator.py:1449)
2025-12-16 18:26:18,848 - ThreadPoolExecutor-1_1 - vulcan.core.snapshot.evaluator - INFO - Creating schema 'warehouse.vulcan__sales' (evaluator.py:1449)
2025-12-16 18:26:18,854 - ThreadPoolExecutor-1_0 - vulcan.core.engine_adapter.base - INFO - Executing SQL: /* VULCAN_PLAN[orders360]: 5e60794cb2d542079188226f92231e42 */ CREATE SCHEMA IF NOT EXISTS "vulcan__raw" (base.py:2634)
2025-12-16 18:26:18,858 - ThreadPoolExecutor-1_1 - vulcan.core.engine_adapter.base - INFO - Executing SQL: /* VULCAN_PLAN[orders360]: 5e60794cb2d542079188226f92231e42 */ CREATE SCHEMA IF NOT EXISTS "vulcan__sales" (base.py:2634)
2025-12-16 18:26:18,859 - MainThread - vulcan.core.plan.evaluator - INFO - Evaluating plan stage PhysicalLayerUpdateStage (evaluator.py:125)
2025-12-16 18:26:18,860 - ThreadPoolExecutor-2_0 - vulcan.core.snapshot.evaluator - INFO - Listing data objects in schema warehouse.vulcan__sales (evaluator.py:1616)
2025-12-16 18:26:18,860 - ThreadPoolExecutor-2_1 - vulcan.core.snapshot.evaluator - INFO - Listing data objects in schema warehouse.vulcan__raw (evaluator.py:1616)
2025-12-16 18:26:18,864 - ThreadPoolExecutor-2_0 - vulcan.core.engine_adapter.base - INFO - Executing SQL: /* VULCAN_PLAN[orders360]: 5e60794cb2d542079188226f92231e42 */ SELECT current_catalog (base.py:2634)
2025-12-16 18:26:18,867 - ThreadPoolExecutor-2_1 - vulcan.core.engine_adapter.base - INFO - Executing SQL: /* VULCAN_PLAN[orders360]: 5e60794cb2d542079188226f92231e42 */ SELECT current_catalog (base.py:2634)
2025-12-16 18:26:18,964 - MainThread - vulcan.core.plan.evaluator - INFO - Evaluating plan stage BackfillStage (evaluator.py:125)
2025-12-16 18:26:18,965 - MainThread - vulcan.core.plan.evaluator - INFO - Evaluating plan stage EnvironmentRecordUpdateStage (evaluator.py:125)
2025-12-16 18:26:18,966 - MainThread - vulcan.core.state_sync.db.facade - INFO - Promoting environment 'prod' (facade.py:184)
2025-12-16 18:26:18,978 - MainThread - vulcan.core.plan.evaluator - INFO - Evaluating plan stage UnpauseStage (evaluator.py:125)
2025-12-16 18:26:18,983 - MainThread - vulcan.core.plan.evaluator - INFO - Evaluating plan stage VirtualLayerUpdateStage (evaluator.py:125)
2025-12-16 18:26:18,984 - ThreadPoolExecutor-3_0 - vulcan.core.snapshot.evaluator - INFO - Creating schema 'warehouse.sales' (evaluator.py:1449)
2025-12-16 18:26:18,989 - ThreadPoolExecutor-3_0 - vulcan.core.engine_adapter.base - INFO - Executing SQL: /* VULCAN_PLAN[orders360]: 5e60794cb2d542079188226f92231e42 */ CREATE SCHEMA IF NOT EXISTS "sales" (base.py:2634)
2025-12-16 18:26:18,990 - ThreadPoolExecutor-4_0 - vulcan.core.snapshot.evaluator - INFO - Listing data objects in schema warehouse.sales (evaluator.py:1616)
2025-12-16 18:26:18,994 - ThreadPoolExecutor-4_0 - vulcan.core.engine_adapter.base - INFO - Executing SQL: /* VULCAN_PLAN[orders360]: 5e60794cb2d542079188226f92231e42 */ SELECT current_catalog (base.py:2634)
2025-12-16 18:26:19,004 - ThreadPoolExecutor-5_0 - vulcan.core.snapshot.evaluator - INFO - Updating view 'warehouse.sales.daily_sales' to point at table 'warehouse.vulcan__sales.sales__daily_sales__2544859320' (evaluator.py:1988)
2025-12-16 18:26:19,004 - ThreadPoolExecutor-5_0 - vulcan.core.engine_adapter.base - INFO - Executing SQL: /* VULCAN_PLAN[orders360]: 5e60794cb2d542079188226f92231e42 */ DROP VIEW IF EXISTS "sales"."daily_sales" CASCADE (base.py:2634)
2025-12-16 18:26:19,007 - ThreadPoolExecutor-5_0 - vulcan.core.engine_adapter.base - INFO - Executing SQL: /* VULCAN_PLAN[orders360]: 5e60794cb2d542079188226f92231e42 */ CREATE VIEW "sales"."daily_sales" AS SELECT * FROM "warehouse"."vulcan__sales"."sales__daily_sales__2544859320" (base.py:2634)
2025-12-16 18:26:19,009 - ThreadPoolExecutor-5_0 - vulcan.core.engine_adapter.base - INFO - Executing SQL: /* VULCAN_PLAN[orders360]: 5e60794cb2d542079188226f92231e42 */ COMMENT ON VIEW "sales"."daily_sales" IS 'Daily sales summary with order counts and revenue' (base.py:2634)
2025-12-16 18:26:19,010 - ThreadPoolExecutor-5_0 - vulcan.core.engine_adapter.base - INFO - Executing SQL: /* VULCAN_PLAN[orders360]: 5e60794cb2d542079188226f92231e42 */ COMMENT ON COLUMN "sales"."daily_sales"."order_date" IS 'Date of the sales' (base.py:2634)
2025-12-16 18:26:19,010 - ThreadPoolExecutor-5_0 - vulcan.core.engine_adapter.base - INFO - Executing SQL: /* VULCAN_PLAN[orders360]: 5e60794cb2d542079188226f92231e42 */ COMMENT ON COLUMN "sales"."daily_sales"."total_orders" IS 'Total number of orders for the day' (base.py:2634)
2025-12-16 18:26:19,010 - ThreadPoolExecutor-5_0 - vulcan.core.engine_adapter.base - INFO - Executing SQL: /* VULCAN_PLAN[orders360]: 5e60794cb2d542079188226f92231e42 */ COMMENT ON COLUMN "sales"."daily_sales"."total_revenue" IS 'Total revenue for the day' (base.py:2634)
2025-12-16 18:26:19,011 - ThreadPoolExecutor-5_0 - vulcan.core.engine_adapter.base - INFO - Executing SQL: /* VULCAN_PLAN[orders360]: 5e60794cb2d542079188226f92231e42 */ COMMENT ON COLUMN "sales"."daily_sales"."last_order_id" IS 'Last order ID processed for the day' (base.py:2634)
2025-12-16 18:26:19,015 - MainThread - vulcan.core.plan.evaluator - INFO - Evaluating plan stage FinalizeEnvironmentStage (evaluator.py:125)
2025-12-16 18:26:19,016 - MainThread - vulcan.core.state_sync.db.environment - INFO - Finalizing environment 'prod' (environment.py:141)
2025-12-16 18:26:19,052 - MainThread - root - INFO - Shutting down the event dispatcher (dispatcher.py:231)
